// Jest Snapshot v1, https://goo.gl/fbAQLP

exports[`<Pagination /> should render Pagination Componenent 1`] = `ShallowWrapper {}`;
