// Jest Snapshot v1, https://goo.gl/fbAQLP

exports[`<LoginImage /> should render LoginImage Componenent 1`] = `ShallowWrapper {}`;
