// Jest Snapshot v1, https://goo.gl/fbAQLP

exports[`<Message /> should render Message Componenent 1`] = `ShallowWrapper {}`;
