// Jest Snapshot v1, https://goo.gl/fbAQLP

exports[`<Register /> should render Login Componenent 1`] = `ShallowWrapper {}`;
