// Jest Snapshot v1, https://goo.gl/fbAQLP

exports[`<GameList /> should render GameList Componenent 1`] = `ShallowWrapper {}`;
