// Jest Snapshot v1, https://goo.gl/fbAQLP

exports[`<GameLayout /> should render GameLayout Componenent 1`] = `ShallowWrapper {}`;
