// Jest Snapshot v1, https://goo.gl/fbAQLP

exports[`<BlockText /> should render Auth Componenent 1`] = `ShallowWrapper {}`;
