// Jest Snapshot v1, https://goo.gl/fbAQLP

exports[`<Alerte /> should render Alerte Componenent 1`] = `ShallowWrapper {}`;
