// Jest Snapshot v1, https://goo.gl/fbAQLP

exports[`<Player /> should render Message Componenent 1`] = `ShallowWrapper {}`;
