// Jest Snapshot v1, https://goo.gl/fbAQLP

exports[`<Login /> should render Login Componenent 1`] = `ShallowWrapper {}`;
