// Jest Snapshot v1, https://goo.gl/fbAQLP

exports[`<AuthLayout /> should render Auth Componenent 1`] = `ShallowWrapper {}`;
